#
# Size of the executable's load module covered by the map
#
Size 97c6
#
# Discovered segments, one per line, syntax is "SegmentName Type(CODE/DATA/STACK) Address"
#
Code1 CODE 0000
Data2 DATA 0500
Code2 CODE 0571
Data1 DATA 0580
#
# Discovered routines, one per line, syntax is "RoutineName: Segment Type(NEAR/FAR) Extents [R/U]Block1 [R/U]Block2... [annotation1] [annotation2]..."
# The routine extents is the largest continuous block of instructions attributed to this routine and originating
# at the location determined to be the routine's entrypoint.
# Blocks are offset ranges relative to the segment that the routine belongs to, specifying address as belonging to the routine.
# Blocks starting with R contain code that was determined reachable, U were unreachable but still likely belong to the routine.
# The routine blocks may cover a greater area than the extents if the routine has disconected chunks it jumps into.
# Possible annotation types:
# ignore - ignore this routine in processing (comparison, signature extraction etc.)
# complete - this routine was completely reconstructed into C, only influences stat display when printing map
# external - is part of an external library (e.g. libc), ignore in comparison, don't count as uncompleted in stats
# detached - routine has no callers, looks useless, don't count as uncompleted in stats
# assembly - routine was written in assembly, don't include in comparisons by default
# duplicate - routine is a duplicate of another
#
routine_10: Code1 NEAR 0000-000f R0000-000f external
main: Code1 NEAR 0010-0112 R0010-0112 complete
routine_26: Code1 NEAR 0113-0129 R0113-0129 complete
initGraphics: Code1 NEAR 012a-0184 R012a-0184 assembly
cleanup: Code1 NEAR 0185-01b7 R0185-01b7 complete
routine_6: Code1 NEAR 01b8-01b8 R01b8-01b8 external
routine_5: Code1 NEAR 01b9-01b9 R01b9-01b9 external
loadWorldStrings: Code1 NEAR 01ba-020b R01ba-020b
readWorldData: Code1 NEAR 020c-02f4 R020c-02f4 assembly
routine_71: Code1 NEAR 02f5-0327 R02f5-0327
setupWorldBufPtr: Code1 NEAR 0328-033c R0328-033c assembly
routine_108: Code1 NEAR 033d-0370 R033d-0370 assembly
routine_109: Code1 NEAR 0371-03a4 R0371-03a4 assembly
clearKeybuf: Code1 NEAR 03a6-03b6 R03a6-03b6 assembly
waitForKeyOrJoy: Code1 NEAR 03b7-0418 R03b7-0418 complete
drawStringAt: Code1 NEAR 0442-0468 R0442-0468 complete
drawWrappedText: Code1 NEAR 05e2-0700 R05e2-0700 complete
drawStringCentered: Code1 NEAR 0701-0737 R0701-0737 complete
stringWidth: Code1 NEAR 0738-077a R0738-077a complete
my_ltoa: Code1 NEAR 077b-08b5 R077b-08b5 complete
my_itoa: Code1 NEAR 08b6-098f R08b6-098f complete
seedRandom: Code1 NEAR 09ae-09be R09ae-09be complete
mystrcpy: Code1 NEAR 0a42-0a5c R0a42-0a5c complete
mystrcat: Code1 NEAR 0aab-0ad2 R0aab-0ad2 assembly
memcopy: Code1 NEAR 0b22-0b3f R0b22-0b3f
intDispatch: Code1 NEAR 0b87-0beb R0b87-0bbf U0bc0-0bc2 R0bc3-0beb assembly
routine_87: Code1 NEAR 0bec-0c28 R0bec-0c28 assembly
routine_117: Code1 NEAR 0c29-0c53 R0c29-0c53 assembly
routine_115: Code1 NEAR 0c54-0c9b R0c54-0c9b assembly
routine_116: Code1 NEAR 0c9c-0cbc R0c9c-0cbc assembly
dos_printstring: Code1 NEAR 0d09-0d14 R0d09-0d14 assembly
setupOverlaySlots: Code1 NEAR 0d17-0d6f R0d17-0d29 U0d2a-0d2e R0d2f-0d6f assembly
clearRect: Code1 NEAR 0e4e-0eec R0e4e-0eec assembly
sub_12C75: Code1 NEAR 0f09-0f39 R0f09-0f39 assembly
routine_154: Code1 NEAR 107e-1089 R107e-1089 assembly
routine_158: Code1 NEAR 108a-11fd R108a-11fd assembly
sub_12F6A: Code1 NEAR 11fe-121e R11fe-121e assembly
installCBreakHandler: Code1 NEAR 1240-1262 R1240-1262 assembly
restoreCbreakHandler: Code1 NEAR 1263-1273 R1263-1273 assembly
routine_33: Code1 NEAR 1274-127f R1274-127f assembly
openFileWrapper: Code1 NEAR 1336-1346 R1336-1346 complete
closeFileWrapper: Code1 NEAR 135a-1367 R135a-1367 complete
openFile: Code1 NEAR 13ae-1404 R13ae-1404 R156a-15a5 assembly
fileClose: Code1 NEAR 145c-147c R145c-147c assembly
readFileAtRaw: Code1 NEAR 14a9-14ff R14a9-14ff assembly ignore
FUN_1000_1500: Code1 NEAR 1500-1520 R1500-1520 assembly ignore
openShowPic: Code1 NEAR 15a6-15d1 R15a6-15d1 complete
loadPic: Code1 NEAR 15fc-1624 R15fc-1624 complete
showPicFile: Code1 NEAR 1664-16d5 R1664-16d5 assembly
decodePic: Code1 NEAR 17b2-1819 R17b2-1819 assembly
routine_120: Code1 NEAR 181a-181a R181a-181a ignore
decodePicRow: Code1 NEAR 181c-1845 R181c-1845 assembly
picReadDataAndMakeDict: Code1 NEAR 1846-188c R1846-188c assembly
picMakeDict: Code1 NEAR 188d-18c2 R188d-18c2 assembly
routine_145: Code1 NEAR 18c3-193b R18c3-193b assembly
dictionaryLookup: Code1 NEAR 193c-19ea R193c-19ea assembly
allocBuffer: Code1 NEAR 19ec-1a1f R19ec-1a1f complete
freeBuffer: Code1 NEAR 1a20-1a47 R1a20-1a47 complete
dos_alloc: Code1 NEAR 1a48-1a6d R1a48-1a6d assembly
dos_free: Code1 NEAR 1a6e-1a8a R1a6e-1a8a assembly
setTimerIrqHandler: Code1 NEAR 1bfc-1c39 R1bfc-1c39 assembly
restoreTimerIrqHandler: Code1 NEAR 1c3a-1c5a R1c3a-1c5a assembly
setTimerMode1: Code1 NEAR 1c5b-1c72 R1c5b-1c72 assembly
setTimerMode2: Code1 NEAR 1c73-1c83 R1c73-1c83 assembly
sub_13DF2: Code1 NEAR 1d76-1e0a R1d76-1e0a assembly
manipulateTimer: Code1 NEAR 1e0b-1e5f R1e0b-1e5f assembly
getTimeOfDay: Code1 NEAR 1e60-1e66 R1e60-1e66 assembly
routine_27: Code1 NEAR 1e78-216d R1e78-216d complete
routine_24: Code1 NEAR 216e-21a4 R216e-21a4 assembly
processMenuItems: Code1 NEAR 21a6-2249 R21a6-2249 complete
routine_60: Code1 NEAR 224a-2582 R224a-23be U23bf-23c1 R23c2-2582 complete
blinkWidget: Code1 NEAR 2583-2617 R2583-2617 complete
isPointInRect: Code1 NEAR 2618-2645 R2618-263b U263c-263d R263e-2645 complete
processDebriefInput: Code1 NEAR 2646-2bd0 R2646-27f6 U27f7-2a3e R2a3f-2a4e U2a4f-2a66 R2a67-2bd0 complete
routine_96: Code1 NEAR 2bd1-35e0 R2bd1-317c U317d-3431 R3432-3441 U3442-3459 R345a-35e0
drawEventSprite: Code1 NEAR 35e1-3860 R35e1-35f8 U35f9-3834 R3835-3844 U3845-385c R385d-3860 complete
animateFlightPath: Code1 NEAR 3861-3b2f R3861-3b2f complete
drawFlightPath: Code1 NEAR 3b30-3c18 R3b30-3c18 complete
formatFlightTime: Code1 NEAR 3c19-3cff R3c19-3cff complete
mapToScreenX: Code1 NEAR 3d00-3d18 R3d00-3d18 complete
mapToScreenY: Code1 NEAR 3d19-3d31 R3d19-3d31 complete
plotMapPoint: Code1 NEAR 3d32-3d88 R3d32-3d88 complete
drawFlightLine: Code1 NEAR 3d89-3dd1 R3d89-3dd1 complete
drawClippedLine: Code1 NEAR 3dd2-3dfe R3dd2-3dfe complete
drawClippedLineEx: Code1 NEAR 3dff-3ea3 R3dff-3ea3 complete
drawMapPixel: Code1 NEAR 3ea4-3ebc R3ea4-3ebc complete
calcMissionScore: Code1 NEAR 3ebd-41d2 R3ebd-409c U409d-409e R409f-41b6 U41b7-41b8 R41b9-41d2 complete
showEventPopup: Code1 NEAR 41d3-4533 R41d3-4224 U4225-42d1 R42d2-42e1 U42e2-42f9 R42fa-4533 complete
routine_25: Code1 NEAR 4534-4919 R4534-4919 assembly
start: Code1 NEAR 491c-49cd R491c-49cd external
routine_4: Code1 NEAR 49ce-4a91 R49ce-4a91 R4ea4-4ea9 external
dosExit: Code1 NEAR 4a92-4aa8 R4a92-4aa8 external
routine_9: Code1 NEAR 4aa9-4aed R4aa9-4aed external
routine_30: Code1 NEAR 4aee-4b1a R4aee-4b1a external
_unk_libc1: Code1 NEAR 4b1b-4b29 R4b1b-4b29 external
_unk_libc2: Code1 NEAR 4b2a-4b3c R4b2a-4b3c external
_fclose: Code1 NEAR 4b3e-4bf7 R4b3e-4bf7 external
routine_46: Code1 NEAR 4bf8-4c1e R4bf8-4c1e assembly
routine_140: Code1 NEAR 4c9a-4cb7 R4c9a-4cb7 assembly
srandInit: Code1 NEAR 4cb8-4cc8 R4cb8-4cc8 complete
__aNldiv: Code1 NEAR 4cf0-4d8b R4cf0-4d8b external
__aNlrem: Code1 NEAR 4dc0-4e61 R4dc0-4e61 external
__aNNaldiv: Code1 NEAR 4e62-4e83 R4e62-4e83 external
__ctermsub: Code1 NEAR 4e84-4ea3 R4e84-4ea3 external
routine_29: Code1 NEAR 4eaa-4ecb R4eaa-4ecb external
__NMSG_TEXT: Code1 NEAR 4ecc-4ef6 R4ecc-4ef6 external
__NMSG_WRITE: Code1 NEAR 4ef7-4f1f R4ef7-4f1f external
routine_114: Code1 NEAR 4f46-4f73 R4f46-4f73 assembly
closeAndResetFile: Code1 NEAR 4f74-4fa0 R4f74-4fa0 complete
__openfile: Code1 NEAR 4fa2-5099 R4fa2-4fff R5000-5099 external
_fflush: Code1 NEAR 509a-5107 R509a-5107 external
__getstream: Code1 NEAR 5108-5141 R5108-5141 external
_close: Code1 NEAR 5142-5161 R4f20-4f27 R5142-5161 external
_unlink: Code1 NEAR 5162-516e R5162-516e external
_open: Code1 NEAR 5170-5302 R4f33-4f3f R5170-5302 external
routine_141: Code1 NEAR 5303-5313 R5303-5313 assembly
_write: Code1 NEAR 5314-53b9 R5314-53b9 R53fa-543b external
routine_143: Code1 NEAR 53ba-53f9 R53ba-53f9 assembly
__nfree: Code1 NEAR 543c-544d R543c-544d external
routine_142: Code1 NEAR 54c6-54d7 R54c6-54d7 assembly
routine_134: Code2 FAR 0027-0039 R0027-0039 assembly
readJoyPort: Code2 NEAR 003a-0066 R003a-0066 assembly
routine_149: Code2 NEAR 0067-00c2 R0067-00c2 assembly
copyJoystickData: Code2 FAR 00d7-00ee R00d7-00ee assembly
gfx_jump_0_alloc: Data1 FAR 1008-100c R1008-100c assembly
gfx_jump_05_drawString: Data1 FAR 1021-1025 R1021-1025 assembly
gfx_jump_0d_setCurBuf: Data1 FAR 1049-104d R1049-104d assembly
gfx_jump_0e_setCurBuf: Data1 FAR 104e-1052 R104e-1052 assembly
gfx_jump_0f_getBufPtr: Data1 FAR 1053-1057 R1053-1057 assembly
gfx_jump_10_getCurBuf: Data1 FAR 1058-105c R1058-105c assembly
gfx_jump_11_blitSprite: Data1 FAR 105d-1061 R105d-1061 assembly
gfx_jump_17_bufSize: Data1 FAR 107b-107f R107b-107f assembly
gfx_jump_1a: Data1 FAR 108a-108e R108a-108e assembly
gfx_jump_1f: Data1 FAR 10a3-10a7 R10a3-10a7 assembly
gfx_jump_20_setVal: Data1 FAR 10a8-10ac R10a8-10ac assembly
gfx_jump_21: Data1 FAR 10ad-10b1 R10ad-10b1 assembly
gfx_jump_22: Data1 FAR 10b2-10b6 R10b2-10b6 assembly
gfx_jump_23: Data1 FAR 10b7-10bb R10b7-10bb assembly
gfx_jump_28: Data1 FAR 10d0-10d4 R10d0-10d4 assembly
gfx_jump_29_switchColor: Data1 FAR 10d5-10d9 R10d5-10d9 assembly
gfx_jump_2a: Data1 FAR 10da-10de R10da-10de assembly
gfx_jump_2f_charWidth: Data1 FAR 10f3-10f7 R10f3-10f7 assembly
gfx_jump_31: Data1 FAR 10fd-1101 R10fd-1101 assembly
gfx_jump_33_fillRow: Data1 FAR 1107-110b R1107-110b assembly
gfx_jump_34_fillRow: Data1 FAR 110c-1110 R110c-1110 assembly
gfx_jump_35: Data1 FAR 1111-1115 R1111-1115 assembly
gfx_jump_36_null: Data1 FAR 1116-111a R1116-111a assembly
thunk_EXT_FUN_0000: Data1 FAR 111b-111f R111b-111f assembly ignore
gfx_jump_38_getPageBuf: Data1 FAR 1120-1124 R1120-1124 assembly
gfx_jump_3a_getRowOffset: Data1 FAR 112a-112e R112a-112e assembly
gfx_jump_3b_clearBuf: Data1 FAR 112f-1133 R112f-1133 assembly
gfx_jump_3d_null: Data1 FAR 1139-113d R1139-113d assembly
gfx_jump_3e: Data1 FAR 113e-1142 R113e-1142 assembly
gfx_jump_40: Data1 FAR 1148-114c R1148-114c assembly
gfx_jump_41: Data1 FAR 114d-1151 R114d-1151 assembly
gfx_jump_44_setDac: Data1 FAR 115c-1160 R115c-1160 assembly
gfx_jump_45_retrace: Data1 FAR 1161-1165 R1161-1165 assembly
gfx_jump_46_retrace2: Data1 FAR 1166-116a R1166-116a assembly
gfx_jump_4b_storeBufPtr: Data1 FAR 117f-1183 R117f-1183 assembly
gfx_jump_50: Data1 FAR 1198-119c R1198-119c assembly
gfx_jump_51_null: Data1 FAR 119d-11a1 R119d-11a1 assembly
gfx_jump_52: Data1 FAR 11a2-11a6 R11a2-11a6 assembly
gfx_jump_53: Data1 FAR 11a7-11ab R11a7-11ab assembly
misc_jump_5a_keybuf: Data1 FAR 11ca-11ce R11ca-11ce assembly
misc_jump_5b_getkey: Data1 FAR 11cf-11d3 R11cf-11d3 assembly
misc_jump_5d_readJoy: Data1 FAR 11d9-11dd R11d9-11dd assembly
misc_jump_5e_clearKeyFlags: Data1 FAR 11de-11e2 R11de-11e2 assembly
#
# Discovered variables, one per line, syntax is "VariableName: Segment VAR OffsetWithinSegment"
#
var_1: Code1 VAR 1c85
var_2: Code1 VAR 1ceb
var_3: Code1 VAR 1ced
var_4: Code1 VAR 2a4f
var_5: Code1 VAR 3442
var_6: Code1 VAR 3845
var_7: Code1 VAR 42e2
var_8: Data1 VAR 0001
var_9: Data1 VAR 0002
var_10: Data1 VAR 0003
var_11: Data1 VAR 0004
var_12: Data1 VAR 0006
var_13: Data1 VAR 0007
var_14: Data1 VAR 0008
var_15: Data1 VAR 000a
var_16: Data1 VAR 000c
var_17: Data1 VAR 000e
var_18: Data1 VAR 0010
var_19: Data1 VAR 0012
var_20: Data1 VAR 002c
var_21: Data1 VAR 002e
var_22: Data1 VAR 0030
dat_0042: Data1 VAR 0042
samDataTable: Data1 VAR 01b0
nightMission: Data1 VAR 071c
dat_0f89: Data1 VAR 0f89
var_25: Data1 VAR 0fe8
str_overlayRelError: Data1 VAR 0fe9
var_26: Data1 VAR 121f
var_27: Data1 VAR 1232
var_28: Data1 VAR 1234
var_29: Data1 VAR 1236
var_30: Data1 VAR 1238
var_31: Data1 VAR 123b
var_32: Data1 VAR 123d
var_33: Data1 VAR 123f
var_34: Data1 VAR 1241
var_35: Data1 VAR 1243
var_36: Data1 VAR 13fb
dat_14d7: Data1 VAR 14d7
dat_1500: Data1 VAR 1500
var_37: Data1 VAR 15b7
var_38: Data1 VAR 15b9
var_39: Data1 VAR 15bc
var_40: Data1 VAR 15bd
var_41: Data1 VAR 15be
var_42: Data1 VAR 15bf
var_43: Data1 VAR 15c0
var_44: Data1 VAR 15c1
var_45: Data1 VAR 15c3
var_46: Data1 VAR 15c5
var_47: Data1 VAR 15c7
var_48: Data1 VAR 15ca
var_49: Data1 VAR 15d2
var_50: Data1 VAR 15da
var_51: Data1 VAR 15e2
var_52: Data1 VAR 15ea
var_53: Data1 VAR 15f2
var_54: Data1 VAR 15f4
joyAxisX: Data1 VAR 15fa
joyAxisY: Data1 VAR 15fb
quitFlag: Data1 VAR 15fe
var_58: Data1 VAR 15ff
var_59: Data1 VAR 1601
var_60: Data1 VAR 1604
var_61: Data1 VAR 1605
dat_1606: Data1 VAR 1606
str_fileNotFound: Data1 VAR 1806
str_noFileBufs: Data1 VAR 1816
str_openError: Data1 VAR 1831
str_fileCloseError: Data1 VAR 183e
str_readError: Data1 VAR 1851
str_writeError: Data1 VAR 185c
dat_1868: Data1 VAR 1868
dat_186A: Data1 VAR 186a
var_62: Data1 VAR 186e
var_63: Data1 VAR 1870
dat_1872: Data1 VAR 1872
var_64: Data1 VAR 19b2
var_65: Data1 VAR 19b4
var_66: Data1 VAR 19b6
var_67: Data1 VAR 19ba
var_68: Data1 VAR 19bc
str_allocError: Data1 VAR 19be
str_deallocError: Data1 VAR 19e8
var_69: Data1 VAR 19ff
var_70: Data1 VAR 1a00
var_71: Data1 VAR 1a02
var_72: Data1 VAR 1a04
var_73: Data1 VAR 1a06
var_74: Data1 VAR 1a0a
var_75: Data1 VAR 1a0c
var_76: Data1 VAR 1a0d
var_77: Data1 VAR 1a0f
var_78: Data1 VAR 1a11
var_79: Data1 VAR 1a13
var_80: Data1 VAR 1a14
timerCounter: Data1 VAR 1a1a
timerCounter2: Data1 VAR 1a1c
timerCounter3: Data1 VAR 1a1d
str_deskPic: Data1 VAR 1ad3
str_deskMsg1: Data1 VAR 1adc
str_deskMsg2: Data1 VAR 1b0a
str_deathPic: Data1 VAR 1b27
str_deathMsg1: Data1 VAR 1b31
str_deathMsg2: Data1 VAR 1b54
str_promoPic: Data1 VAR 1b7d
str_promoMsg1: Data1 VAR 1b87
str_promoMsg2: Data1 VAR 1bb2
str_medalPic: Data1 VAR 1bcd
str_medalMsg1: Data1 VAR 1bd7
str_medalMsg2: Data1 VAR 1c05
var_84: Data1 VAR 1c0e
var_85: Data1 VAR 1c16
var_86: Data1 VAR 1c20
var_87: Data1 VAR 1c3a
var_88: Data1 VAR 1c48
var_89: Data1 VAR 1c4a
var_90: Data1 VAR 1c60
var_91: Data1 VAR 1c6a
var_92: Data1 VAR 1c6c
mapViewX1: Data1 VAR 1cae
mapViewY1: Data1 VAR 1cb0
mapViewX2: Data1 VAR 1cb2
mapViewY2: Data1 VAR 1cb4
str_pressExit: Data1 VAR 1cb6
str_dot1: Data1 VAR 1cd8
str_overall1: Data1 VAR 1cda
str_missionRating1: Data1 VAR 1ce2
str_dot2: Data1 VAR 1cf1
str_trainingScore: Data1 VAR 1cf3
str_notRecorded: Data1 VAR 1d03
str_dot3: Data1 VAR 1d12
str_careerTotal: Data1 VAR 1d14
str_dot4: Data1 VAR 1d21
str_missionSummary: Data1 VAR 1d23
str_priSecTargets: Data1 VAR 1d33
str_otherTargets: Data1 VAR 1d43
str_enemyPlanes: Data1 VAR 1d51
str_friendlyTargets: Data1 VAR 1d5e
str_dot5: Data1 VAR 1d6f
str_overall2: Data1 VAR 1d71
str_missionRating2: Data1 VAR 1d79
str_dot6: Data1 VAR 1d88
str_missionEvent: Data1 VAR 1d8a
str_time: Data1 VAR 1d98
str_destroyed4: Data1 VAR 1da0
str_destroyed1: Data1 VAR 1da2
str_destroyed2: Data1 VAR 1dad
str_shotDown2: Data1 VAR 1db8
str_shotDown: Data1 VAR 1dba
str_destroyed3: Data1 VAR 1dc5
str_rearmed3: Data1 VAR 1dd0
str_rearmed1: Data1 VAR 1dd2
str_rearmed2: Data1 VAR 1de6
str_hitBy: Data1 VAR 1dfa
str_missile: Data1 VAR 1e02
str_takeoffPoint: Data1 VAR 1e0b
str_missionEnd: Data1 VAR 1e1a
str_crashed: Data1 VAR 1e28
str_goodBailout: Data1 VAR 1e30
str_captured: Data1 VAR 1e3d
str_bailedDied: Data1 VAR 1e46
str_goodLanding: Data1 VAR 1e54
str_primaryObj: Data1 VAR 1e61
str_secndryObj: Data1 VAR 1e74
str_cumulative2: Data1 VAR 1e87
str_cumulative: Data1 VAR 1e89
str_missionRating3: Data1 VAR 1e94
str_pressSelect: Data1 VAR 1ea3
str_pressNext: Data1 VAR 1ea5
str_inFlight: Data1 VAR 1ecb
str_timeLabel: Data1 VAR 1ed6
str_timeZeros: Data1 VAR 1edf
str_timeFormat: Data1 VAR 1ee1
popupSpriteY: Data1 VAR 1eea
popupSpriteX: Data1 VAR 1f0e
str_modeRb1: Data1 VAR 1f99
str_insertScenario: Data1 VAR 1f9c
str_pressKey1: Data1 VAR 1fb8
str_modeRb2: Data1 VAR 1fd1
str_dbicons1: Data1 VAR 1fd4
str_insertDiskA: Data1 VAR 1fe0
str_pressKey2: Data1 VAR 1ff9
str_dbicons2: Data1 VAR 2012
str_missionDebrief: Data1 VAR 201e
var_99: Data1 VAR 204a
var_100: Data1 VAR 2062
var_101: Data1 VAR 2064
var_102: Data1 VAR 2082
var_103: Data1 VAR 2084
var_104: Data1 VAR 20a2
var_105: Data1 VAR 20a4
spriteAir: Data1 VAR 20c2
var_106: Data1 VAR 20c4
spriteAirBlink: Data1 VAR 20e2
var_107: Data1 VAR 20e4
spriteSam: Data1 VAR 2102
var_108: Data1 VAR 2104
spriteSamBlink: Data1 VAR 2122
var_109: Data1 VAR 2124
spriteGround: Data1 VAR 2142
var_110: Data1 VAR 2144
spriteGroundBlink: Data1 VAR 2162
var_111: Data1 VAR 2164
var_112: Data1 VAR 2184
var_113: Data1 VAR 21a4
spriteWaypoint: Data1 VAR 21c2
var_114: Data1 VAR 21c4
spriteWaypointBlink: Data1 VAR 21e2
dat_21e4: Data1 VAR 21e4
var_115: Data1 VAR 2212
var_116: Data1 VAR 2254
var_117: Data1 VAR 2256
var_118: Data1 VAR 2266
var_119: Data1 VAR 226a
var_120: Data1 VAR 226c
var_121: Data1 VAR 226e
var_122: Data1 VAR 2270
dat_22C0: Data1 VAR 22c0
var_123: Data1 VAR 22cf
var_124: Data1 VAR 22d1
var_125: Data1 VAR 22db
var_126: Data1 VAR 22dd
var_127: Data1 VAR 22e1
var_128: Data1 VAR 22e3
var_129: Data1 VAR 22e6
var_130: Data1 VAR 22e8
var_131: Data1 VAR 22ea
var_132: Data1 VAR 22fe
var_133: Data1 VAR 2300
var_134: Data1 VAR 2302
var_135: Data1 VAR 230c
var_136: Data1 VAR 230d
var_137: Data1 VAR 230e
randSeed: Data1 VAR 2316
randState: Data1 VAR 2318
var_140: Data1 VAR 231a
var_141: Data1 VAR 23d0
var_142: Data1 VAR 23d4
var_143: Data1 VAR 2448
var_144: Data1 VAR 244a
dat_244C: Data1 VAR 244c
dat_244E: Data1 VAR 244e
dat_2452: Data1 VAR 2452
var_145: Data1 VAR 2457
var_146: Data1 VAR 2464
var_147: Data1 VAR 2468
var_148: Data1 VAR 246a
var_149: Data1 VAR 246c
var_150: Data1 VAR 2470
str_nmsg: Data1 VAR 2476
var_151: Data1 VAR 2550
var_152: Data1 VAR 2552
var_153: Data1 VAR 2554
var_154: Data1 VAR 2556
var_155: Data1 VAR 2558
var_156: Data1 VAR 255a
var_157: Data1 VAR 255b
var_158: Data1 VAR 255c
var_159: Data1 VAR 255d
var_160: Data1 VAR 255e
var_161: Data1 VAR 2560
var_162: Data1 VAR 2562
var_163: Data1 VAR 2564
var_164: Data1 VAR 2565
var_165: Data1 VAR 2566
var_166: Data1 VAR 2568
dat_270f: Data1 VAR 270f
var_167: Data1 VAR 276a
dat_2769: Data1 VAR 2769
var_168: Data1 VAR 276c
dat_3F6A: Data1 VAR 3f6a
dat_3F6B: Data1 VAR 3f6b
dat_3F6C: Data1 VAR 3f6c
dat_3F6E: Data1 VAR 3f6e
dat_3F70: Data1 VAR 3f70
dat_3F71: Data1 VAR 3f71
dat_3FB2: Data1 VAR 3fb2
dat_3FB4: Data1 VAR 3fb4
dat_3FB6: Data1 VAR 3fb6
dat_3FB8: Data1 VAR 3fb8
colorTablePtr: Data1 VAR 3fba
inputChanged: Data1 VAR 3fbc
colorAnimIdx: Data1 VAR 3fbe
colorAnimEnabled: Data1 VAR 3fc0
joyRepeatFlag: Data1 VAR 3fc2
spriteToggle: Data1 VAR 3fc3
animDone: Data1 VAR 3fc4
var_176: Data1 VAR 3fd0
dat_4034: Data1 VAR 4034
worldBufHandle: Data1 VAR 4038
gameData: Data1 VAR 403a
var_179: Data1 VAR 403c
dat_4040: Data1 VAR 4040
var_180: Data1 VAR 4244
dat_4246: Data1 VAR 4246
samKilled: Data1 VAR 4248
samMissed: Data1 VAR 424a
dat_424e: Data1 VAR 424e
slotInfoTable: Data1 VAR 4256
gridFlags: Data1 VAR 4700
target1Type: Data1 VAR 4800
dat_4804: Data1 VAR 4804
target1MiscBits: Data1 VAR 4808
target2Type: Data1 VAR 4812
target2MiscBits: Data1 VAR 481a
dat_4824: Data1 VAR 4824
hasVgaMode: Data1 VAR 4a24
curRecordIdx: Data1 VAR 4a28
flightRecords: Data1 VAR 4a2a
hercFlag: Data1 VAR 4cfa
var_192: Data1 VAR 4f00
var_193: Data1 VAR 4f02
var_194: Data1 VAR 4f04
var_195: Data1 VAR 4f05
var_196: Data1 VAR 4f06
var_197: Data1 VAR 4f07
var_198: Data1 VAR 5502
groundKilled: Data1 VAR 5508
groundMissed: Data1 VAR 550a
missionResult: Data1 VAR 550c
enterPressed: Data1 VAR 550f
var_203: Data1 VAR 5510
dat_5512: Data1 VAR 5512
unitTypeTable: Data1 VAR 5578
var_205: Data1 VAR 55dc
dat_55de: Data1 VAR 55de
worldDataReady: Data1 VAR 55e0
ejectedFlag: Data1 VAR 55ee
lastDrawX: Data1 VAR 55f0
prevDrawX: Data1 VAR 55f2
cursorX: Data1 VAR 55f4
lastDrawY: Data1 VAR 55f8
cursorY: Data1 VAR 55fa
prevDrawY: Data1 VAR 55fc
popupVisible: Data1 VAR 55fe
primaryHit: Data1 VAR 5600
var_216: Data1 VAR 5602
worldStrings: Data1 VAR 5608
worldStringBuf: Data1 VAR 56d0
missionScore: Data1 VAR 59be
missionScoreHi: Data1 VAR 59c0
secondaryHit: Data1 VAR 59c2
dat_5ab4: Data1 VAR 5ab4
commData: Data1 VAR 5ab6
var_223: Data1 VAR 5ab8
airKilled: Data1 VAR 5aba
airMissed: Data1 VAR 5abe
gfxBufSeg: Data1 VAR 5ac0
popupX: Data1 VAR 5cc2
popupY: Data1 VAR 5cc4
spriteBufSeg: Data1 VAR 5cc6
vgaBufSeg: Data1 VAR 5cc8
vgaBufOffset: Data1 VAR 5cca
vgaBufSeg2: Data1 VAR 5ccc
var_233: Data1 VAR fc06
var_234: Data1 VAR fc08
var_235: Data1 VAR ffe0
var_236: Data1 VAR ffe2
var_237: Data1 VAR ffea
var_238: Data1 VAR ffec
var_239: Data1 VAR ffed
var_240: Data1 VAR ffee
var_241: Data1 VAR ffef
var_242: Data1 VAR fff0
var_243: Data1 VAR fff1
var_244: Data1 VAR fff2
var_245: Data1 VAR fff3
var_246: Data1 VAR fff4
var_247: Data1 VAR fff5
var_248: Data1 VAR fff6
var_249: Data1 VAR fff7
var_250: Data1 VAR fff8
var_251: Data1 VAR fff9
var_252: Data1 VAR fffa
var_253: Data1 VAR fffb
var_254: Data1 VAR fffc
var_255: Data1 VAR fffd
var_256: Data1 VAR fffe
var_257: Data1 VAR ffff
